// Jest Snapshot v1, https://goo.gl/fbAQLP

exports[`NavBar renders correctly 1`] = `
<DocumentFragment>
  <div
    class="navbar"
  >
    <ul
      class="navbar-links"
      data-testid="navbar-links-id"
    >
      <li
        class="navbar-links-item"
        data-testid="navbar-links-item-id"
      >
        <a
          class="navbar-item-home"
          href="/"
        >
          Home
        </a>
      </li>
      <li
        class="navbar-links-item"
        data-testid="navbar-links-item-id"
      >
        <a
          class="navbar-item-myTeam"
          href="/my-favourite-team"
        >
          My Team
        </a>
      </li>
      <li
        class="navbar-links-item"
        data-testid="navbar-links-item-id"
      >
        <a
          href="/"
        >
          Live Football
        </a>
      </li>
      <li
        class="navbar-links-item"
        data-testid="navbar-links-item-id"
      >
        <a
          href="/"
        >
          Market
        </a>
      </li>
      <li
        class="navbar-links-item"
        data-testid="navbar-links-item-id"
      >
        <a
          href="/"
        >
          Outcomes
        </a>
      </li>
      <li
        class="navbar-links-item"
        data-testid="navbar-links-item-id"
      >
        <a
          href="/"
        >
          Market Updates
        </a>
      </li>
      <li
        class="navbar-links-item"
        data-testid="navbar-links-item-id"
      >
        <a
          href="/"
        >
          Outcomes Updates
        </a>
      </li>
    </ul>
  </div>
</DocumentFragment>
`;
