// Jest Snapshot v1, https://goo.gl/fbAQLP

exports[`<NavBar /> should render a component resembling the snapshot 1`] = `[Function]`;
